Jun-11 23:33:45.546 [main] DEBUG nextflow.cli.Launcher - $> nextflow run . -profile standard --reference --ref /mnt/hdd_1/ofgeha/gwas-sumstats-harmoniser/data/gwas_harm_ref --chromlist 1,2,3,4,5,6,7,8,9,10,11,12,13,14,15,16,17,18,19,20,21,22,X,Y,MT -with-report /mnt/hdd_1/ofgeha/gwas-sumstats-harmoniser/data/gwas_harm_ref/logs/ref-report.html -with-timeline /mnt/hdd_1/ofgeha/gwas-sumstats-harmoniser/data/gwas_harm_ref/logs/ref-timeline.html -with-trace /mnt/hdd_1/ofgeha/gwas-sumstats-harmoniser/data/gwas_harm_ref/logs/ref-trace.txt
Jun-11 23:33:45.628 [main] DEBUG nextflow.cli.CmdRun - N E X T F L O W  ~  version 25.04.8
Jun-11 23:33:45.652 [main] DEBUG nextflow.plugin.PluginsFacade - Setting up plugin manager > mode=prod; embedded=false; plugins-dir=/home/icog-bioai2/.nextflow/plugins; core-plugins: nf-amazon@2.15.0-patch2,nf-azure@1.16.0-patch1,nf-cloudcache@0.4.3,nf-codecommit@0.2.3,nf-console@1.2.1,nf-google@1.21.1,nf-k8s@1.0.1,nf-tower@1.11.4-patch2,nf-wave@1.12.1
Jun-11 23:33:45.673 [main] INFO  o.pf4j.DefaultPluginStatusProvider - Enabled plugins: []
Jun-11 23:33:45.674 [main] INFO  o.pf4j.DefaultPluginStatusProvider - Disabled plugins: []
Jun-11 23:33:45.677 [main] INFO  org.pf4j.DefaultPluginManager - PF4J version 3.12.0 in 'deployment' mode
Jun-11 23:33:45.689 [main] INFO  org.pf4j.AbstractPluginManager - No plugins
Jun-11 23:33:46.431 [main] DEBUG nextflow.config.ConfigBuilder - Found config local: /mnt/hdd_1/ofgeha/harmoni/gwas-sumstats-harmoniser/nextflow.config
Jun-11 23:33:46.433 [main] DEBUG nextflow.config.ConfigBuilder - Parsing config file: /mnt/hdd_1/ofgeha/harmoni/gwas-sumstats-harmoniser/nextflow.config
Jun-11 23:33:46.451 [main] DEBUG n.secret.LocalSecretsProvider - Secrets store: /home/icog-bioai2/.nextflow/secrets/store.json
Jun-11 23:33:46.455 [main] DEBUG nextflow.secret.SecretsLoader - Discovered secrets providers: [nextflow.secret.LocalSecretsProvider@670b3ca] - activable => nextflow.secret.LocalSecretsProvider@670b3ca
Jun-11 23:33:46.469 [main] DEBUG nextflow.config.ConfigBuilder - Applying config profile: `standard`
Jun-11 23:33:46.800 [main] DEBUG nextflow.cli.CmdRun - Applied DSL=2 from script declaration
Jun-11 23:33:46.817 [main] DEBUG nextflow.cli.CmdRun - Launching `./main.nf` [tiny_visvesvaraya] DSL2 - revision: 6982c2d6ad
Jun-11 23:33:46.819 [main] DEBUG nextflow.plugin.PluginsFacade - Plugins default=[]
Jun-11 23:33:46.819 [main] DEBUG nextflow.plugin.PluginsFacade - Plugins resolved requirement=[]
Jun-11 23:33:46.873 [main] DEBUG nextflow.Session - Session UUID: 3dc82faf-cc56-4d8d-8cd4-81a5cf9f55fb
Jun-11 23:33:46.873 [main] DEBUG nextflow.Session - Run name: tiny_visvesvaraya
Jun-11 23:33:46.874 [main] DEBUG nextflow.Session - Executor pool size: 28
Jun-11 23:33:46.885 [main] DEBUG nextflow.file.FilePorter - File porter settings maxRetries=3; maxTransfers=50; pollTimeout=null
Jun-11 23:33:46.893 [main] DEBUG nextflow.util.ThreadPoolBuilder - Creating thread pool 'FileTransfer' minSize=10; maxSize=84; workQueue=LinkedBlockingQueue[-1]; allowCoreThreadTimeout=false
Jun-11 23:33:46.927 [main] DEBUG nextflow.cli.CmdRun - 
  Version: 25.04.8 build 5956
  Created: 06-10-2025 21:19 UTC (14:19 PDT)
  System: Linux 6.5.0-44-generic
  Runtime: Groovy 4.0.26 on OpenJDK 64-Bit Server VM 17.0.18+8-Ubuntu-122.04.1
  Encoding: UTF-8 (UTF-8)
  Process: 1862382@dl [127.0.1.1]
  CPUs: 28 - Mem: 251.4 GB (2.5 GB) - Swap: 2 GB (2 GB)
Jun-11 23:33:46.951 [main] DEBUG nextflow.Session - Work-dir: /mnt/hdd_1/ofgeha/harmoni/gwas-sumstats-harmoniser/work [ext2/ext3]
Jun-11 23:33:46.984 [main] DEBUG nextflow.executor.ExecutorFactory - Extension executors providers=[]
Jun-11 23:33:46.994 [main] DEBUG nextflow.Session - Observer factory: DefaultObserverFactory
Jun-11 23:33:47.016 [main] DEBUG nextflow.Session - Observer factory (v2): LinObserverFactory
Jun-11 23:33:47.042 [main] DEBUG nextflow.cache.CacheFactory - Using Nextflow cache factory: nextflow.cache.DefaultCacheFactory
Jun-11 23:33:47.052 [main] DEBUG nextflow.util.CustomThreadPool - Creating default thread pool > poolSize: 29; maxThreads: 1000
Jun-11 23:33:47.113 [main] DEBUG nextflow.Session - Session start
Jun-11 23:33:47.121 [main] DEBUG nextflow.trace.TraceFileObserver - Workflow started -- trace file: /mnt/hdd_1/ofgeha/gwas-sumstats-harmoniser/data/gwas_harm_ref/logs/ref-trace.txt
Jun-11 23:33:47.125 [main] DEBUG nextflow.Session - Trace file already exists: /mnt/hdd_1/ofgeha/gwas-sumstats-harmoniser/data/gwas_harm_ref/logs/ref-trace.txt -- enable the 'trace.overwrite' option in your config file to overwrite existing files
nextflow.exception.AbortOperationException: Trace file already exists: /mnt/hdd_1/ofgeha/gwas-sumstats-harmoniser/data/gwas_harm_ref/logs/ref-trace.txt -- enable the 'trace.overwrite' option in your config file to overwrite existing files
	at nextflow.trace.TraceHelper.newFileWriter(TraceHelper.groovy:67)
	at nextflow.trace.TraceFileObserver.onFlowCreate(TraceFileObserver.groovy:206)
	at nextflow.Session$_notifyFlowCreate_lambda40.doCall(Session.groovy:1093)
	at nextflow.Session.notifyEvent(Session.groovy:1138)
	at nextflow.Session.notifyFlowCreate(Session.groovy:1093)
	at nextflow.Session.start(Session.groovy:585)
	at nextflow.script.ScriptRunner.execute(ScriptRunner.groovy:133)
	at nextflow.cli.CmdRun.run(CmdRun.groovy:379)
	at nextflow.cli.Launcher.run(Launcher.groovy:513)
	at nextflow.cli.Launcher.main(Launcher.groovy:673)
Caused by: java.nio.file.FileAlreadyExistsException: /mnt/hdd_1/ofgeha/gwas-sumstats-harmoniser/data/gwas_harm_ref/logs/ref-trace.txt
	at java.base/sun.nio.fs.UnixException.translateToIOException(UnixException.java:94)
	at java.base/sun.nio.fs.UnixException.rethrowAsIOException(UnixException.java:106)
	at java.base/sun.nio.fs.UnixException.rethrowAsIOException(UnixException.java:111)
	at java.base/sun.nio.fs.UnixFileSystemProvider.newByteChannel(UnixFileSystemProvider.java:218)
	at java.base/java.nio.file.spi.FileSystemProvider.newOutputStream(FileSystemProvider.java:484)
	at java.base/java.nio.file.Files.newOutputStream(Files.java:228)
	at java.base/java.nio.file.Files.newBufferedWriter(Files.java:3008)
	at nextflow.trace.TraceHelper.newFileWriter(TraceHelper.groovy:64)
	... 9 common frames omitted
Jun-11 23:33:47.130 [main] DEBUG nextflow.Session - Report file already exists: /mnt/hdd_1/ofgeha/gwas-sumstats-harmoniser/data/gwas_harm_ref/logs/ref-report.html -- enable the 'report.overwrite' option in your config file to overwrite existing files
nextflow.exception.AbortOperationException: Report file already exists: /mnt/hdd_1/ofgeha/gwas-sumstats-harmoniser/data/gwas_harm_ref/logs/ref-report.html -- enable the 'report.overwrite' option in your config file to overwrite existing files
	at nextflow.trace.ReportObserver.onFlowCreate(ReportObserver.groovy:133)
	at nextflow.Session$_notifyFlowCreate_lambda40.doCall(Session.groovy:1093)
	at nextflow.Session.notifyEvent(Session.groovy:1138)
	at nextflow.Session.notifyFlowCreate(Session.groovy:1093)
	at nextflow.Session.start(Session.groovy:585)
	at nextflow.script.ScriptRunner.execute(ScriptRunner.groovy:133)
	at nextflow.cli.CmdRun.run(CmdRun.groovy:379)
	at nextflow.cli.Launcher.run(Launcher.groovy:513)
	at nextflow.cli.Launcher.main(Launcher.groovy:673)
Jun-11 23:33:47.131 [main] DEBUG nextflow.Session - Timeline file already exists: /mnt/hdd_1/ofgeha/gwas-sumstats-harmoniser/data/gwas_harm_ref/logs/ref-timeline.html -- enable the 'timeline.overwrite' option in your config file to overwrite existing files
nextflow.exception.AbortOperationException: Timeline file already exists: /mnt/hdd_1/ofgeha/gwas-sumstats-harmoniser/data/gwas_harm_ref/logs/ref-timeline.html -- enable the 'timeline.overwrite' option in your config file to overwrite existing files
	at nextflow.trace.TimelineObserver.onFlowCreate(TimelineObserver.groovy:76)
	at nextflow.Session$_notifyFlowCreate_lambda40.doCall(Session.groovy:1093)
	at nextflow.Session.notifyEvent(Session.groovy:1138)
	at nextflow.Session.notifyFlowCreate(Session.groovy:1093)
	at nextflow.Session.start(Session.groovy:585)
	at nextflow.script.ScriptRunner.execute(ScriptRunner.groovy:133)
	at nextflow.cli.CmdRun.run(CmdRun.groovy:379)
	at nextflow.cli.Launcher.run(Launcher.groovy:513)
	at nextflow.cli.Launcher.main(Launcher.groovy:673)
Jun-11 23:33:47.356 [main] DEBUG nextflow.script.ScriptRunner - > Launching execution
Jun-11 23:33:49.081 [main] INFO  nextflow.script.BaseScript - Prepare the reference ...
Jun-11 23:33:49.206 [main] DEBUG nextflow.script.ProcessConfig - Config settings `withName:get_vcf_files` matches process NFCORE_GWASCATALOGHARM:PREPARE_REFERENCE:prepare_reference:get_vcf_files
Jun-11 23:33:49.219 [main] DEBUG nextflow.executor.ExecutorFactory - << taskConfig executor: local
Jun-11 23:33:49.220 [main] DEBUG nextflow.executor.ExecutorFactory - >> processorType: 'local'
Jun-11 23:33:49.225 [main] DEBUG nextflow.executor.Executor - [warm up] executor > local
Jun-11 23:33:49.231 [main] DEBUG n.processor.LocalPollingMonitor - Creating local task monitor for executor 'local' > cpus=28; memory=251.4 GB; capacity=28; pollInterval=100ms; dumpInterval=5m
Jun-11 23:33:49.233 [main] DEBUG n.processor.TaskPollingMonitor - >>> barrier register (monitor: local)
Jun-11 23:33:49.253 [main] DEBUG nextflow.processor.TaskProcessor - Creating process 'NFCORE_GWASCATALOGHARM:PREPARE_REFERENCE:prepare_reference:get_vcf_files': maxForks=0; fair=false; array=0
Jun-11 23:33:49.284 [main] DEBUG nextflow.Session - Workflow process names [dsl2]: ftp_copy, NFCORE_GWASCATALOGHARM:PREPARE_REFERENCE:prepare_reference:get_vcf_files, ten_percent_counts_sum, map_to_build, harmonization, harmonization_log, failed_copy, qc, generate_strand_counts, concatenate_chr_splits, summarise_strand_counts, update_meta_yaml, ten_percent_counts, get_vcf_files
Jun-11 23:33:49.287 [main] DEBUG nextflow.Session - Igniting dataflow network (2)
Jun-11 23:33:49.289 [main] DEBUG nextflow.processor.TaskProcessor - Starting process > NFCORE_GWASCATALOGHARM:PREPARE_REFERENCE:prepare_reference:get_vcf_files
Jun-11 23:33:49.290 [main] DEBUG nextflow.script.ScriptRunner - Parsed script files:
  Script_390d6613c99580d9: /mnt/hdd_1/ofgeha/harmoni/gwas-sumstats-harmoniser/subworkflows/local/check_reference.nf
  Script_de60aec7dd8a285b: /mnt/hdd_1/ofgeha/harmoni/gwas-sumstats-harmoniser/modules/local/concatenate_chr_splits.nf
  Script_a0a3b731ca4eeff6: /mnt/hdd_1/ofgeha/harmoni/gwas-sumstats-harmoniser/subworkflows/local/prepare_reference.nf
  Script_7d008ae7b436b6dd: /mnt/hdd_1/ofgeha/harmoni/gwas-sumstats-harmoniser/modules/local/ten_percent_counts_sum.nf
  Script_4c9f4e67c7d40efc: /mnt/hdd_1/ofgeha/harmoni/gwas-sumstats-harmoniser/modules/local/map_to_build.nf
  Script_f47234cbea7f835f: /mnt/hdd_1/ofgeha/harmoni/gwas-sumstats-harmoniser/modules/local/harmonization_log.nf
  Script_813fcf97f05effba: /mnt/hdd_1/ofgeha/harmoni/gwas-sumstats-harmoniser/modules/local/harmonization.nf
  Script_a97d24c7e01a4ea8: /mnt/hdd_1/ofgeha/harmoni/gwas-sumstats-harmoniser/modules/local/get_vcf_files.nf
  Script_cf03da973cc1b60f: /mnt/hdd_1/ofgeha/harmoni/gwas-sumstats-harmoniser/subworkflows/local/move_files.nf
  Script_95e088b474126343: /mnt/hdd_1/ofgeha/harmoni/gwas-sumstats-harmoniser/subworkflows/local/major_direction.nf
  Script_13f5bac5155c4da5: /mnt/hdd_1/ofgeha/harmoni/gwas-sumstats-harmoniser/workflows/PREPARE_REFERENCE.nf
  Script_cd4fc644bf4e8317: /mnt/hdd_1/ofgeha/harmoni/gwas-sumstats-harmoniser/modules/local/ten_percent_counts.nf
  Script_6395516388aef632: /mnt/hdd_1/ofgeha/harmoni/gwas-sumstats-harmoniser/modules/local/failed_copy.nf
  Script_e464d3158be25688: /mnt/hdd_1/ofgeha/harmoni/gwas-sumstats-harmoniser/workflows/gwascatalogharm_gwascatalog.nf
  Script_23211832405c799f: /mnt/hdd_1/ofgeha/harmoni/gwas-sumstats-harmoniser/subworkflows/local/main_harm.nf
  Script_91da433509b9a6ba: /mnt/hdd_1/ofgeha/harmoni/gwas-sumstats-harmoniser/main.nf
  Script_2991d3311bba2985: /mnt/hdd_1/ofgeha/harmoni/gwas-sumstats-harmoniser/modules/local/qc.nf
  Script_9131960a19490f63: /mnt/hdd_1/ofgeha/harmoni/gwas-sumstats-harmoniser/modules/local/summarise_strand_counts.nf
  Script_d4e1fc5edf53c08b: /mnt/hdd_1/ofgeha/harmoni/gwas-sumstats-harmoniser/subworkflows/local/quality_control.nf
  Script_b2a04cd5ba137376: /mnt/hdd_1/ofgeha/harmoni/gwas-sumstats-harmoniser/modules/local/ftp_copy.nf
  Script_281771908d71f854: /mnt/hdd_1/ofgeha/harmoni/gwas-sumstats-harmoniser/modules/local/update_meta_yaml.nf
  Script_1a5c10f57b7eee92: /mnt/hdd_1/ofgeha/harmoni/gwas-sumstats-harmoniser/modules/local/generate_strand_counts.nf
  Script_16cee517c78a9f21: /mnt/hdd_1/ofgeha/harmoni/gwas-sumstats-harmoniser/workflows/gwascatalogharm.nf
Jun-11 23:33:49.290 [main] DEBUG nextflow.script.ScriptRunner - > Awaiting termination 
Jun-11 23:33:49.290 [main] DEBUG nextflow.Session - Session await
Jun-11 23:33:49.479 [Actor Thread 13] INFO  nextflow.processor.TaskProcessor - [skipping] Stored process > NFCORE_GWASCATALOGHARM:PREPARE_REFERENCE:prepare_reference:get_vcf_files (4)
Jun-11 23:33:49.479 [Actor Thread 20] INFO  nextflow.processor.TaskProcessor - [skipping] Stored process > NFCORE_GWASCATALOGHARM:PREPARE_REFERENCE:prepare_reference:get_vcf_files (16)
Jun-11 23:33:49.479 [Actor Thread 21] INFO  nextflow.processor.TaskProcessor - [skipping] Stored process > NFCORE_GWASCATALOGHARM:PREPARE_REFERENCE:prepare_reference:get_vcf_files (8)
Jun-11 23:33:49.479 [Actor Thread 7] INFO  nextflow.processor.TaskProcessor - [skipping] Stored process > NFCORE_GWASCATALOGHARM:PREPARE_REFERENCE:prepare_reference:get_vcf_files (22)
Jun-11 23:33:49.479 [Actor Thread 28] INFO  nextflow.processor.TaskProcessor - [skipping] Stored process > NFCORE_GWASCATALOGHARM:PREPARE_REFERENCE:prepare_reference:get_vcf_files (24)
Jun-11 23:33:49.479 [Actor Thread 24] INFO  nextflow.processor.TaskProcessor - [skipping] Stored process > NFCORE_GWASCATALOGHARM:PREPARE_REFERENCE:prepare_reference:get_vcf_files (14)
Jun-11 23:33:49.479 [Actor Thread 5] INFO  nextflow.processor.TaskProcessor - [skipping] Stored process > NFCORE_GWASCATALOGHARM:PREPARE_REFERENCE:prepare_reference:get_vcf_files (23)
Jun-11 23:33:49.479 [Actor Thread 14] INFO  nextflow.processor.TaskProcessor - [skipping] Stored process > NFCORE_GWASCATALOGHARM:PREPARE_REFERENCE:prepare_reference:get_vcf_files (19)
Jun-11 23:33:49.479 [Actor Thread 9] INFO  nextflow.processor.TaskProcessor - [skipping] Stored process > NFCORE_GWASCATALOGHARM:PREPARE_REFERENCE:prepare_reference:get_vcf_files (21)
Jun-11 23:33:49.479 [Actor Thread 19] INFO  nextflow.processor.TaskProcessor - [skipping] Stored process > NFCORE_GWASCATALOGHARM:PREPARE_REFERENCE:prepare_reference:get_vcf_files (7)
Jun-11 23:33:49.481 [Actor Thread 27] INFO  nextflow.processor.TaskProcessor - [skipping] Stored process > NFCORE_GWASCATALOGHARM:PREPARE_REFERENCE:prepare_reference:get_vcf_files (11)
Jun-11 23:33:49.484 [Actor Thread 4] INFO  nextflow.processor.TaskProcessor - [skipping] Stored process > NFCORE_GWASCATALOGHARM:PREPARE_REFERENCE:prepare_reference:get_vcf_files (25)
Jun-11 23:33:49.487 [Actor Thread 17] INFO  nextflow.processor.TaskProcessor - [skipping] Stored process > NFCORE_GWASCATALOGHARM:PREPARE_REFERENCE:prepare_reference:get_vcf_files (6)
Jun-11 23:33:49.491 [Actor Thread 8] INFO  nextflow.processor.TaskProcessor - [skipping] Stored process > NFCORE_GWASCATALOGHARM:PREPARE_REFERENCE:prepare_reference:get_vcf_files (1)
Jun-11 23:33:49.493 [Actor Thread 25] INFO  nextflow.processor.TaskProcessor - [skipping] Stored process > NFCORE_GWASCATALOGHARM:PREPARE_REFERENCE:prepare_reference:get_vcf_files (10)
Jun-11 23:33:49.497 [Actor Thread 18] INFO  nextflow.processor.TaskProcessor - [skipping] Stored process > NFCORE_GWASCATALOGHARM:PREPARE_REFERENCE:prepare_reference:get_vcf_files (17)
Jun-11 23:33:49.500 [Actor Thread 26] INFO  nextflow.processor.TaskProcessor - [skipping] Stored process > NFCORE_GWASCATALOGHARM:PREPARE_REFERENCE:prepare_reference:get_vcf_files (13)
Jun-11 23:33:49.503 [Actor Thread 11] INFO  nextflow.processor.TaskProcessor - [skipping] Stored process > NFCORE_GWASCATALOGHARM:PREPARE_REFERENCE:prepare_reference:get_vcf_files (3)
Jun-11 23:33:49.507 [Actor Thread 22] INFO  nextflow.processor.TaskProcessor - [skipping] Stored process > NFCORE_GWASCATALOGHARM:PREPARE_REFERENCE:prepare_reference:get_vcf_files (15)
Jun-11 23:33:49.515 [Actor Thread 15] INFO  nextflow.processor.TaskProcessor - [skipping] Stored process > NFCORE_GWASCATALOGHARM:PREPARE_REFERENCE:prepare_reference:get_vcf_files (5)
Jun-11 23:33:49.519 [Actor Thread 23] INFO  nextflow.processor.TaskProcessor - [skipping] Stored process > NFCORE_GWASCATALOGHARM:PREPARE_REFERENCE:prepare_reference:get_vcf_files (9)
Jun-11 23:33:49.536 [Actor Thread 12] INFO  nextflow.processor.TaskProcessor - [skipping] Stored process > NFCORE_GWASCATALOGHARM:PREPARE_REFERENCE:prepare_reference:get_vcf_files (20)
Jun-11 23:33:49.539 [Actor Thread 29] INFO  nextflow.processor.TaskProcessor - [skipping] Stored process > NFCORE_GWASCATALOGHARM:PREPARE_REFERENCE:prepare_reference:get_vcf_files (12)
Jun-11 23:33:49.542 [Actor Thread 10] INFO  nextflow.processor.TaskProcessor - [skipping] Stored process > NFCORE_GWASCATALOGHARM:PREPARE_REFERENCE:prepare_reference:get_vcf_files (2)
Jun-11 23:33:49.546 [Actor Thread 16] INFO  nextflow.processor.TaskProcessor - [skipping] Stored process > NFCORE_GWASCATALOGHARM:PREPARE_REFERENCE:prepare_reference:get_vcf_files (18)
Jun-11 23:33:49.551 [main] DEBUG nextflow.Session - Session await > all processes finished
Jun-11 23:33:49.640 [Task monitor] DEBUG n.processor.TaskPollingMonitor - <<< barrier arrives (monitor: local) - terminating tasks monitor poll loop
Jun-11 23:33:49.640 [main] DEBUG nextflow.Session - Session await > all barriers passed
Jun-11 23:33:49.654 [main] DEBUG n.trace.WorkflowStatsObserver - Workflow completed > WorkflowStats[succeededCount=0; failedCount=0; ignoredCount=0; cachedCount=0; pendingCount=0; submittedCount=0; runningCount=0; retriesCount=0; abortedCount=0; succeedDuration=0ms; failedDuration=0ms; cachedDuration=0ms;loadCpus=0; loadMemory=0; peakRunning=0; peakCpus=0; peakMemory=0; ]
Jun-11 23:33:49.655 [main] DEBUG nextflow.trace.TraceFileObserver - Workflow completed -- saving trace file
Jun-11 23:33:49.655 [main] DEBUG nextflow.Session - Cannot invoke "groovyx.gpars.agent.Agent.await()" because "this.writer" is null
java.lang.NullPointerException: Cannot invoke "groovyx.gpars.agent.Agent.await()" because "this.writer" is null
	at nextflow.trace.TraceFileObserver.onFlowComplete(TraceFileObserver.groovy:221)
	at nextflow.Session$_notifyFlowComplete_lambda45.doCall(Session.groovy:1107)
	at nextflow.Session.notifyEvent(Session.groovy:1138)
	at nextflow.Session.notifyFlowComplete(Session.groovy:1107)
	at nextflow.Session.shutdown0(Session.groovy:768)
	at nextflow.Session.destroy(Session.groovy:713)
	at nextflow.script.ScriptRunner.shutdown(ScriptRunner.groovy:263)
	at nextflow.script.ScriptRunner.execute(ScriptRunner.groovy:147)
	at nextflow.cli.CmdRun.run(CmdRun.groovy:379)
	at nextflow.cli.Launcher.run(Launcher.groovy:513)
	at nextflow.cli.Launcher.main(Launcher.groovy:673)
Jun-11 23:33:49.655 [main] DEBUG nextflow.trace.ReportObserver - Workflow completed -- rendering execution report
Jun-11 23:33:50.122 [main] WARN  nextflow.trace.ReportObserver - Failed to render execution report -- see the log file for details
nextflow.exception.AbortOperationException: Report file already exists: /mnt/hdd_1/ofgeha/gwas-sumstats-harmoniser/data/gwas_harm_ref/logs/ref-report.html -- enable the 'report.overwrite' option in your config file to overwrite existing files
	at nextflow.trace.TraceHelper.newFileWriter(TraceHelper.groovy:67)
	at nextflow.trace.ReportObserver.renderHtml(ReportObserver.groovy:284)
	at nextflow.trace.ReportObserver.onFlowComplete(ReportObserver.groovy:143)
	at nextflow.Session$_notifyFlowComplete_lambda45.doCall(Session.groovy:1107)
	at nextflow.Session.notifyEvent(Session.groovy:1138)
	at nextflow.Session.notifyFlowComplete(Session.groovy:1107)
	at nextflow.Session.shutdown0(Session.groovy:768)
	at nextflow.Session.destroy(Session.groovy:713)
	at nextflow.script.ScriptRunner.shutdown(ScriptRunner.groovy:263)
	at nextflow.script.ScriptRunner.execute(ScriptRunner.groovy:147)
	at nextflow.cli.CmdRun.run(CmdRun.groovy:379)
	at nextflow.cli.Launcher.run(Launcher.groovy:513)
	at nextflow.cli.Launcher.main(Launcher.groovy:673)
Caused by: java.nio.file.FileAlreadyExistsException: /mnt/hdd_1/ofgeha/gwas-sumstats-harmoniser/data/gwas_harm_ref/logs/ref-report.html
	at java.base/sun.nio.fs.UnixException.translateToIOException(UnixException.java:94)
	at java.base/sun.nio.fs.UnixException.rethrowAsIOException(UnixException.java:106)
	at java.base/sun.nio.fs.UnixException.rethrowAsIOException(UnixException.java:111)
	at java.base/sun.nio.fs.UnixFileSystemProvider.newByteChannel(UnixFileSystemProvider.java:218)
	at java.base/java.nio.file.spi.FileSystemProvider.newOutputStream(FileSystemProvider.java:484)
	at java.base/java.nio.file.Files.newOutputStream(Files.java:228)
	at java.base/java.nio.file.Files.newBufferedWriter(Files.java:3008)
	at nextflow.trace.TraceHelper.newFileWriter(TraceHelper.groovy:64)
	... 12 common frames omitted
Jun-11 23:33:50.124 [main] DEBUG nextflow.trace.TimelineObserver - Workflow completed -- rendering execution timeline
Jun-11 23:33:50.168 [main] WARN  nextflow.trace.TimelineObserver - Failed to render execution timeline -- see the log file for details
nextflow.exception.AbortOperationException: Timeline file already exists: /mnt/hdd_1/ofgeha/gwas-sumstats-harmoniser/data/gwas_harm_ref/logs/ref-timeline.html -- enable the 'timeline.overwrite' option in your config file to overwrite existing files
	at nextflow.trace.TraceHelper.newFileWriter(TraceHelper.groovy:67)
	at nextflow.trace.TimelineObserver.renderHtml(TimelineObserver.groovy:178)
	at nextflow.trace.TimelineObserver.onFlowComplete(TimelineObserver.groovy:87)
	at nextflow.Session$_notifyFlowComplete_lambda45.doCall(Session.groovy:1107)
	at nextflow.Session.notifyEvent(Session.groovy:1138)
	at nextflow.Session.notifyFlowComplete(Session.groovy:1107)
	at nextflow.Session.shutdown0(Session.groovy:768)
	at nextflow.Session.destroy(Session.groovy:713)
	at nextflow.script.ScriptRunner.shutdown(ScriptRunner.groovy:263)
	at nextflow.script.ScriptRunner.execute(ScriptRunner.groovy:147)
	at nextflow.cli.CmdRun.run(CmdRun.groovy:379)
	at nextflow.cli.Launcher.run(Launcher.groovy:513)
	at nextflow.cli.Launcher.main(Launcher.groovy:673)
Caused by: java.nio.file.FileAlreadyExistsException: /mnt/hdd_1/ofgeha/gwas-sumstats-harmoniser/data/gwas_harm_ref/logs/ref-timeline.html
	at java.base/sun.nio.fs.UnixException.translateToIOException(UnixException.java:94)
	at java.base/sun.nio.fs.UnixException.rethrowAsIOException(UnixException.java:106)
	at java.base/sun.nio.fs.UnixException.rethrowAsIOException(UnixException.java:111)
	at java.base/sun.nio.fs.UnixFileSystemProvider.newByteChannel(UnixFileSystemProvider.java:218)
	at java.base/java.nio.file.spi.FileSystemProvider.newOutputStream(FileSystemProvider.java:484)
	at java.base/java.nio.file.Files.newOutputStream(Files.java:228)
	at java.base/java.nio.file.Files.newBufferedWriter(Files.java:3008)
	at nextflow.trace.TraceHelper.newFileWriter(TraceHelper.groovy:64)
	... 12 common frames omitted
Jun-11 23:33:50.373 [main] DEBUG nextflow.cache.CacheDB - Closing CacheDB done
Jun-11 23:33:50.387 [main] DEBUG nextflow.util.ThreadPoolManager - Thread pool 'FileTransfer' shutdown completed (hard=false)
Jun-11 23:33:50.388 [main] DEBUG nextflow.script.ScriptRunner - > Execution complete -- Goodbye
